node.exe : [31mΓ£ù[39m Build failed in 342ms
At line:1 char:1
+ & "C:\Program Files\nodejs/node.exe" "C:\Program Files\nodejs/node_mo ...
+ ~~~~~~~~~~~~~~~~~~~~~~~~~~~~~~~~~~~~~~~~~~~~~~~~~~~~~~~~~~~~~~~~~~~~~
    + CategoryInfo          : NotSpecified: ([31mΓ£ù[39m Build failed in 342ms:String) [], RemoteExce 
   ption
    + FullyQualifiedErrorId : NativeCommandError
 
[31merror during build:
[31mBuild failed with 1 error:

[31m[MISSING_EXPORT] [0m"default" is not exported by "src/App.jsx".
   [38;5;246mΓò¡[0m[38;5;246mΓöÇ[0m[38;5;246m[[0m src/main.jsx:4:8 [38;5;246m][0m
   [38;5;246mΓöé[0m
 [38;5;246m4 Γöé[0m [38;5;249mi[0m[38;5;249mm[0m[38;5;249mp[0m[38;5;249mo[0m[38;5;249mr[0m[
38;5;249mt[0m[38;5;249m [0mApp[38;5;249m 
[0m[38;5;249mf[0m[38;5;249mr[0m[38;5;249mo[0m[38;5;249mm[0m[38;5;249m [0m[38;5;249m"[0m[38
;5;249m.[0m[38;5;249m/[0m[38;5;249mA[0m[38;5;249mp[0m[38;5;249mp[0m[38;5;249m.[0m[38;5;249mj
[0m[38;5;249ms[0m[38;5;249mx[0m[38;5;249m"[0m[38;5;249m;[0m
 [38;5;240m  Γöé[0m        ΓöÇΓö¼ΓöÇ  
 [38;5;240m  Γöé[0m         Γò░ΓöÇΓöÇΓöÇ Missing export
[38;5;246mΓöÇΓöÇΓöÇΓò»[0m
[31m
    at aggregateBindingErrorsIntoJsError (file:///C:/Users/dhush/OneDrive/Documents/GitHub/task-manageme
nt-app/node_modules/rolldown/dist/shared/error-BuvQYXuZ.mjs:48:18)
    at unwrapBindingResult (file:///C:/Users/dhush/OneDrive/Documents/GitHub/task-management-app/node_mo
dules/rolldown/dist/shared/error-BuvQYXuZ.mjs:18:128)
    at #build (file:///C:/Users/dhush/OneDrive/Documents/GitHub/task-management-app/node_modules/rolldow
n/dist/shared/rolldown-build-CrPk_lZe.mjs:3246:34)
    at async buildEnvironment (file:///C:/Users/dhush/OneDrive/Documents/GitHub/task-management-app/node
_modules/vite/dist/node/chunks/node.js:33253:64)
    at async Object.build (file:///C:/Users/dhush/OneDrive/Documents/GitHub/task-management-app/node_mod
ules/vite/dist/node/chunks/node.js:33675:19)
    at async Object.buildApp (file:///C:/Users/dhush/OneDrive/Documents/GitHub/task-management-app/node_
modules/vite/dist/node/chunks/node.js:33672:153)
    at async CAC.<anonymous> (file:///C:/Users/dhush/OneDrive/Documents/GitHub/task-management-app/node_
modules/vite/dist/node/cli.js:777:3) {
  errors: [Getter/Setter]
}[39m
